Cannot automatically decide whether Type and Foo unify